/html	dir="ltr"
/html/@lang	dir="ltr"
/html/head[1]	dir="ltr"
/html/head[1]/meta[1]	dir="ltr"
/html/head[1]/meta[1]/@charset	dir="ltr"
/html/head[1]/title[1]	dir="ltr"
/html/head[1]/script[1]	dir="ltr"
/html/head[1]/script[1]/@type	dir="ltr"
/html/body[1]	dir="ltr"
/html/body[1]/p[1]	dir="ltr"
/html/body[1]/p[1]/q[1]	dir="rtl"
/html/body[1]/p[1]/q[1]/@class	dir="rtl"
/html/body[1]/p[1]/q[1]/@lang	dir="rtl"
