/html
/html/head[1]
/html/head[1]/meta[1]
/html/head[1]/meta[1]/@charset
/html/head[1]/title[1]
/html/head[1]/script[1]
/html/head[1]/script[1]/@id
/html/head[1]/script[1]/@type
/html/head[1]/script[2]
/html/head[1]/script[2]/@id
/html/head[1]/script[2]/@type
/html/head[1]/link[1]
/html/head[1]/link[1]/@href
/html/head[1]/link[1]/@rel
/html/body[1]
/html/body[1]/p[1]	provenanceRecordsRef="#pr1"	provRef[1]="http://www.examplelsp.com/excontent987/production/prov/e6354"	revOrg[1]="acme-CAT-v2.3"	revPerson[1]="James Joyce"	revToolRef[1]="http://www.provdata.com/RevTool/#mycat-v1"	toolRef[1]="http://www.provdata.com/tool/#onlinemtex"	revOrg[2]="Linguaserve I.S. S.A."	revPerson[2]="John Smith"
/html/body[1]/p[1]/@class	provenanceRecordsRef="#pr1"	provRef[1]="http://www.examplelsp.com/excontent987/production/prov/e6354"	revOrg[1]="acme-CAT-v2.3"	revPerson[1]="James Joyce"	revToolRef[1]="http://www.provdata.com/RevTool/#mycat-v1"	toolRef[1]="http://www.provdata.com/tool/#onlinemtex"	revOrg[2]="Linguaserve I.S. S.A."	revPerson[2]="John Smith"
/html/body[1]/p[1]/a[1]	provenanceRecordsRef="#pr1"	provRef[1]="http://www.examplelsp.com/excontent987/production/prov/e6354"	revOrg[1]="acme-CAT-v2.3"	revPerson[1]="James Joyce"	revToolRef[1]="http://www.provdata.com/RevTool/#mycat-v1"	toolRef[1]="http://www.provdata.com/tool/#onlinemtex"	revOrg[2]="Linguaserve I.S. S.A."	revPerson[2]="John Smith"
/html/body[1]/p[1]/a[1]/@href	provenanceRecordsRef="#pr1"	provRef[1]="http://www.examplelsp.com/excontent987/production/prov/e6354"	revOrg[1]="acme-CAT-v2.3"	revPerson[1]="James Joyce"	revToolRef[1]="http://www.provdata.com/RevTool/#mycat-v1"	toolRef[1]="http://www.provdata.com/tool/#onlinemtex"	revOrg[2]="Linguaserve I.S. S.A."	revPerson[2]="John Smith"
/html/body[1]/p[2]
/html/body[1]/p[2]/@class
/html/body[1]/p[2]/a[1]
/html/body[1]/p[2]/a[1]/@href
