/html
/html/head[1]
/html/head[1]/meta[1]
/html/head[1]/meta[1]/@charset
/html/head[1]/link[1]
/html/head[1]/link[1]/@href
/html/head[1]/link[1]/@rel
/html/head[1]/title[1]
/html/body[1]
/html/body[1]/p[1]
/html/body[1]/p[1]/q[1]	lang="fr-CA"
/html/body[1]/p[1]/q[1]/@lang	lang="fr-CA"
/html/body[1]/p[2]
/html/body[1]/p[2]/q[1]	lang="fr-CA"
/html/body[1]/p[2]/q[1]/@lang	lang="fr-CA"
