/text
/text/@its:version
/text/title[1]
/text/body[1]
/text/body[1]/par[1]	org="acme-CAT-v2.3"	personRef="http://www.provdata.com/person/#John_Doe"	provRef="http://www.examplelsp.com/excontent987/production/prov/e6354"	revOrg="acme-CAT-v2.3"	revToolRef="http://www.mycat.com/v1.0/download"	toolRef="http://www.onlinemtex.com/2012/7/25/wsdl/"
/text/body[1]/par[1]/@its:org	org="acme-CAT-v2.3"	personRef="http://www.provdata.com/person/#John_Doe"	provRef="http://www.examplelsp.com/excontent987/production/prov/e6354"	revOrg="acme-CAT-v2.3"	revToolRef="http://www.mycat.com/v1.0/download"	toolRef="http://www.onlinemtex.com/2012/7/25/wsdl/"
/text/body[1]/par[1]/@its:personRef	org="acme-CAT-v2.3"	personRef="http://www.provdata.com/person/#John_Doe"	provRef="http://www.examplelsp.com/excontent987/production/prov/e6354"	revOrg="acme-CAT-v2.3"	revToolRef="http://www.mycat.com/v1.0/download"	toolRef="http://www.onlinemtex.com/2012/7/25/wsdl/"
/text/body[1]/par[1]/@its:provRef	org="acme-CAT-v2.3"	personRef="http://www.provdata.com/person/#John_Doe"	provRef="http://www.examplelsp.com/excontent987/production/prov/e6354"	revOrg="acme-CAT-v2.3"	revToolRef="http://www.mycat.com/v1.0/download"	toolRef="http://www.onlinemtex.com/2012/7/25/wsdl/"
/text/body[1]/par[1]/@its:revOrg	org="acme-CAT-v2.3"	personRef="http://www.provdata.com/person/#John_Doe"	provRef="http://www.examplelsp.com/excontent987/production/prov/e6354"	revOrg="acme-CAT-v2.3"	revToolRef="http://www.mycat.com/v1.0/download"	toolRef="http://www.onlinemtex.com/2012/7/25/wsdl/"
/text/body[1]/par[1]/@its:revToolRef	org="acme-CAT-v2.3"	personRef="http://www.provdata.com/person/#John_Doe"	provRef="http://www.examplelsp.com/excontent987/production/prov/e6354"	revOrg="acme-CAT-v2.3"	revToolRef="http://www.mycat.com/v1.0/download"	toolRef="http://www.onlinemtex.com/2012/7/25/wsdl/"
/text/body[1]/par[1]/@its:toolRef	org="acme-CAT-v2.3"	personRef="http://www.provdata.com/person/#John_Doe"	provRef="http://www.examplelsp.com/excontent987/production/prov/e6354"	revOrg="acme-CAT-v2.3"	revToolRef="http://www.mycat.com/v1.0/download"	toolRef="http://www.onlinemtex.com/2012/7/25/wsdl/"
/text/body[1]/legalnotice[1]	orgRef="http://www.legaltrans-ex.com/"	person="John Doe"	provRef="http://www.examplelsp.com/excontent987/legal/prov/e6354 http://www.vistatec.com/job-12-7-15-X31/reviewed/prov/re8573469"	revOrgRef="http://www.vistatec.com/"	revPerson="Tommy Atkins"	tool="onlinemtex"
/text/body[1]/legalnotice[1]/@its:orgRef	orgRef="http://www.legaltrans-ex.com/"	person="John Doe"	provRef="http://www.examplelsp.com/excontent987/legal/prov/e6354 http://www.vistatec.com/job-12-7-15-X31/reviewed/prov/re8573469"	revOrgRef="http://www.vistatec.com/"	revPerson="Tommy Atkins"	tool="onlinemtex"
/text/body[1]/legalnotice[1]/@its:person	orgRef="http://www.legaltrans-ex.com/"	person="John Doe"	provRef="http://www.examplelsp.com/excontent987/legal/prov/e6354 http://www.vistatec.com/job-12-7-15-X31/reviewed/prov/re8573469"	revOrgRef="http://www.vistatec.com/"	revPerson="Tommy Atkins"	tool="onlinemtex"
/text/body[1]/legalnotice[1]/@its:provRef	orgRef="http://www.legaltrans-ex.com/"	person="John Doe"	provRef="http://www.examplelsp.com/excontent987/legal/prov/e6354 http://www.vistatec.com/job-12-7-15-X31/reviewed/prov/re8573469"	revOrgRef="http://www.vistatec.com/"	revPerson="Tommy Atkins"	tool="onlinemtex"
/text/body[1]/legalnotice[1]/@its:revOrgRef	orgRef="http://www.legaltrans-ex.com/"	person="John Doe"	provRef="http://www.examplelsp.com/excontent987/legal/prov/e6354 http://www.vistatec.com/job-12-7-15-X31/reviewed/prov/re8573469"	revOrgRef="http://www.vistatec.com/"	revPerson="Tommy Atkins"	tool="onlinemtex"
/text/body[1]/legalnotice[1]/@its:revPerson	orgRef="http://www.legaltrans-ex.com/"	person="John Doe"	provRef="http://www.examplelsp.com/excontent987/legal/prov/e6354 http://www.vistatec.com/job-12-7-15-X31/reviewed/prov/re8573469"	revOrgRef="http://www.vistatec.com/"	revPerson="Tommy Atkins"	tool="onlinemtex"
/text/body[1]/legalnotice[1]/@its:tool	orgRef="http://www.legaltrans-ex.com/"	person="John Doe"	provRef="http://www.examplelsp.com/excontent987/legal/prov/e6354 http://www.vistatec.com/job-12-7-15-X31/reviewed/prov/re8573469"	revOrgRef="http://www.vistatec.com/"	revPerson="Tommy Atkins"	tool="onlinemtex"
