/book	localeFilterList="*"	localeFilterType="include"
/book/@its:version	localeFilterList="*"	localeFilterType="include"
/book/info[1]	localeFilterList="*"	localeFilterType="include"
/book/info[1]/its:rules[1]	localeFilterList="*"	localeFilterType="include"
/book/info[1]/its:rules[1]/@version	localeFilterList="*"	localeFilterType="include"
/book/info[1]/its:rules[1]/@xlink:href	localeFilterList="*"	localeFilterType="include"
/book/info[1]/legalnotice[1]	localeFilterList="en-CA, fr-CA"	localeFilterType="include"
/book/info[1]/legalnotice[1]/@role	localeFilterList="en-CA, fr-CA"	localeFilterType="include"
/book/info[1]/legalnotice[1]/para[1]	localeFilterList="en-CA, fr-CA"	localeFilterType="include"
